[F5-TTS] Reading package metadata: /Users/umangsharma/Desktop/F5-TTS/ckpts/zuna_dual_voice_v3/onnx/q8-nfe8/F5_Metadata.onnx
[F5-TTS] Metadata ready: series=v0, input=24000 Hz,output=24000 Hz, hop_length=256, nfe_steps=8.
[F5-TTS] Vocabulary ready: 2545 tokens.
[F5-TTS] Loading ONNX graph 1/3: F5_Preprocess.onnx
[F5-TTS] Loading ONNX graph 2/3: F5_Transformer.onnx
[F5-TTS] ONNX Runtime providers: ['CPUExecutionProvider']
[F5-TTS] Loading ONNX graph 3/3: F5_Decode.onnx
[F5-TTS] Preparing reference audio: /Users/umangsharma/Desktop/F5-TTS/data/zuna_female_aligned_source/wavs/clip_0328.wav
[F5-TTS] Running acoustic preprocessing...
[F5-TTS] Running flow matching (8 steps)...
[F5-TTS] Flow matching: 1/8 steps (1.08s elapsed)
[F5-TTS] Flow matching: 2/8 steps (2.11s elapsed)
[F5-TTS] Flow matching: 3/8 steps (3.08s elapsed)
[F5-TTS] Flow matching: 4/8 steps (4.07s elapsed)
[F5-TTS] Flow matching: 5/8 steps (5.06s elapsed)
[F5-TTS] Flow matching: 6/8 steps (6.04s elapsed)
[F5-TTS] Flow matching: 7/8 steps (7.06s elapsed)
[F5-TTS] Flow matching: 8/8 steps (8.04s elapsed)
[F5-TTS] Decoding waveform...
[F5-TTS] Writing generated audio: /Users/umangsharma/.ao/data/worktrees/zuna/zuna-7/optimization/f5_tts/phases/05-quantization/samples/q8-nfe8-female.wav
[F5-TTS] Pipeline complete in 8.61s (inference 8.10s, audio 8.01s, RTF=1.012).
