Run: 20260813T151039Z-pytorch-nfe-cfg-sweep-mps
Checkpoint: /Users/umangsharma/Desktop/F5-TTS/ckpts/zuna_dual_voice_v3/zuna_dual_voice_final.safetensors
Device: mps
Loading persistent F5-TTS model...
Download Vocos from huggingface charactr/vocos-mel-24khz

vocab :  /Users/umangsharma/Desktop/F5-TTS/src/f5_tts/infer/examples/vocab.txt
token :  custom
model :  /Users/umangsharma/Desktop/F5-TTS/ckpts/zuna_dual_voice_v3/zuna_dual_voice_final.safetensors 

Model loaded in 2.479s

[nfe16-cfg2/female/medium-8s/iteration-1] generating...
  Converting audio...
  Using custom reference text...

ref_text   You begin to pull away from Mars. 
gen_text 0 Beyond the window, gentle rain moves through the trees while the warm room becomes peaceful and still.


  Generating audio in 1 batches...
  7.989s audio in 3.297s (RTF 0.413)

[nfe16-cfg2/male/medium-8s/iteration-1] generating...
  Converting audio...
  Using custom reference text...

ref_text   the words on the page came alive. 
gen_text 0 Beyond the window, gentle rain moves through the trees while the warm room becomes peaceful and still.


  Generating audio in 1 batches...
  8.021s audio in 3.225s (RTF 0.402)

[nfe8-cfg2/female/medium-8s/iteration-1] generating...
  Converting audio...
  Using cached preprocessed reference audio...
  Using custom reference text...

ref_text   You begin to pull away from Mars. 
gen_text 0 Beyond the window, gentle rain moves through the trees while the warm room becomes peaceful and still.


  Generating audio in 1 batches...
  7.989s audio in 1.552s (RTF 0.194)

[nfe8-cfg2/male/medium-8s/iteration-1] generating...
  Converting audio...
  Using cached preprocessed reference audio...
  Using custom reference text...

ref_text   the words on the page came alive. 
gen_text 0 Beyond the window, gentle rain moves through the trees while the warm room becomes peaceful and still.


  Generating audio in 1 batches...
  8.021s audio in 1.789s (RTF 0.223)

[nfe4-cfg2/female/medium-8s/iteration-1] generating...
  Converting audio...
  Using cached preprocessed reference audio...
  Using custom reference text...

ref_text   You begin to pull away from Mars. 
gen_text 0 Beyond the window, gentle rain moves through the trees while the warm room becomes peaceful and still.


  Generating audio in 1 batches...
  7.989s audio in 0.860s (RTF 0.108)

[nfe4-cfg2/male/medium-8s/iteration-1] generating...
  Converting audio...
  Using cached preprocessed reference audio...
  Using custom reference text...

ref_text   the words on the page came alive. 
gen_text 0 Beyond the window, gentle rain moves through the trees while the warm room becomes peaceful and still.


  Generating audio in 1 batches...
  8.021s audio in 0.916s (RTF 0.114)

[nfe8-cfg1.5/female/medium-8s/iteration-1] generating...
  Converting audio...
  Using cached preprocessed reference audio...
  Using custom reference text...

ref_text   You begin to pull away from Mars. 
gen_text 0 Beyond the window, gentle rain moves through the trees while the warm room becomes peaceful and still.


  Generating audio in 1 batches...
  7.989s audio in 1.706s (RTF 0.214)

[nfe8-cfg1.5/male/medium-8s/iteration-1] generating...
  Converting audio...
  Using cached preprocessed reference audio...
  Using custom reference text...

ref_text   the words on the page came alive. 
gen_text 0 Beyond the window, gentle rain moves through the trees while the warm room becomes peaceful and still.


  Generating audio in 1 batches...
  8.021s audio in 1.860s (RTF 0.232)

[nfe4-cfg1.5/female/medium-8s/iteration-1] generating...
  Converting audio...
  Using cached preprocessed reference audio...
  Using custom reference text...

ref_text   You begin to pull away from Mars. 
gen_text 0 Beyond the window, gentle rain moves through the trees while the warm room becomes peaceful and still.


  Generating audio in 1 batches...
  7.989s audio in 0.872s (RTF 0.109)

[nfe4-cfg1.5/male/medium-8s/iteration-1] generating...
  Converting audio...
  Using cached preprocessed reference audio...
  Using custom reference text...

ref_text   the words on the page came alive. 
gen_text 0 Beyond the window, gentle rain moves through the trees while the warm room becomes peaceful and still.


  Generating audio in 1 batches...
  8.021s audio in 0.924s (RTF 0.115)

[nfe4-cfg1/female/medium-8s/iteration-1] generating...
  Converting audio...
  Using cached preprocessed reference audio...
  Using custom reference text...

ref_text   You begin to pull away from Mars. 
gen_text 0 Beyond the window, gentle rain moves through the trees while the warm room becomes peaceful and still.


  Generating audio in 1 batches...
  7.989s audio in 0.875s (RTF 0.109)

[nfe4-cfg1/male/medium-8s/iteration-1] generating...
  Converting audio...
  Using cached preprocessed reference audio...
  Using custom reference text...

ref_text   the words on the page came alive. 
gen_text 0 Beyond the window, gentle rain moves through the trees while the warm room becomes peaceful and still.


  Generating audio in 1 batches...
  8.021s audio in 0.975s (RTF 0.122)

Complete: /Users/umangsharma/.ao/data/worktrees/zuna/zuna-7/optimization/f5_tts/phases/03-nfe-cfg-sweep/runs/20260813T151039Z-pytorch-nfe-cfg-sweep-mps
