Run: 20260813T150757Z-pytorch-male-prompt-candidates-nfe32-mps
Checkpoint: /Users/umangsharma/Desktop/F5-TTS/ckpts/zuna_dual_voice_v3/zuna_dual_voice_final.safetensors
Device: mps
Loading persistent F5-TTS model...
Download Vocos from huggingface charactr/vocos-mel-24khz

vocab :  /Users/umangsharma/Desktop/F5-TTS/src/f5_tts/infer/examples/vocab.txt
token :  custom
model :  /Users/umangsharma/Desktop/F5-TTS/ckpts/zuna_dual_voice_v3/zuna_dual_voice_final.safetensors 

Model loaded in 2.201s

[male-0010/medium-8s/iteration-1] generating...
  Converting audio...
  Using custom reference text...

ref_text   to be safe in the knowledge. 
gen_text 0 Beyond the window, gentle rain moves through the trees while the warm room becomes peaceful and still.


  Generating audio in 1 batches...
  8.032s audio in 6.506s (RTF 0.810)

[male-0009/medium-8s/iteration-1] generating...
  Converting audio...
  Using custom reference text...

ref_text   you are safe. 
gen_text 0 Beyond the window, gentle rain moves through the trees while the warm room becomes peaceful and still.


  Generating audio in 1 batches...
  7.979s audio in 6.595s (RTF 0.827)

[male-0024/medium-8s/iteration-1] generating...
  Converting audio...
  Using custom reference text...

ref_text   the words on the page came alive. 
gen_text 0 Beyond the window, gentle rain moves through the trees while the warm room becomes peaceful and still.


  Generating audio in 1 batches...
  8.021s audio in 7.396s (RTF 0.922)

Complete: /Users/umangsharma/.ao/data/worktrees/zuna/zuna-7/optimization/f5_tts/phases/02-short-prompts/candidate-runs/20260813T150757Z-pytorch-male-prompt-candidates-nfe32-mps
