/Users/umangsharma/.ao/data/worktrees/zuna/zuna-7/.local/F5-TTS-ONNX/Export_ONNX/F5_TTS/Export_F5.py:1212: DeprecationWarning: You are using the legacy TorchScript-based ONNX export. Starting in PyTorch 2.9, the new torch.export-based ONNX exporter has become the default. Learn more about the new export logic: https://docs.pytorch.org/docs/stable/onnx_export.html. For exporting control flow: https://pytorch.org/tutorials/beginner/onnx/export_control_flow_model_to_onnx_tutorial.html
  torch.onnx.export(
/Users/umangsharma/.ao/data/worktrees/zuna/zuna-7/.local/F5-TTS-ONNX/Export_ONNX/F5_TTS/Export_F5.py:1265: DeprecationWarning: You are using the legacy TorchScript-based ONNX export. Starting in PyTorch 2.9, the new torch.export-based ONNX exporter has become the default. Learn more about the new export logic: https://docs.pytorch.org/docs/stable/onnx_export.html. For exporting control flow: https://pytorch.org/tutorials/beginner/onnx/export_control_flow_model_to_onnx_tutorial.html
  torch.onnx.export(
/Users/umangsharma/.ao/data/worktrees/zuna/zuna-7/.local/F5-TTS-ONNX/Export_ONNX/F5_TTS/Export_F5.py:1302: DeprecationWarning: You are using the legacy TorchScript-based ONNX export. Starting in PyTorch 2.9, the new torch.export-based ONNX exporter has become the default. Learn more about the new export logic: https://docs.pytorch.org/docs/stable/onnx_export.html. For exporting control flow: https://pytorch.org/tutorials/beginner/onnx/export_control_flow_model_to_onnx_tutorial.html
  torch.onnx.export(
/Users/umangsharma/.ao/data/worktrees/zuna/zuna-7/.local/F5-TTS-ONNX/Export_ONNX/F5_TTS/Export_F5.py:1340: DeprecationWarning: You are using the legacy TorchScript-based ONNX export. Starting in PyTorch 2.9, the new torch.export-based ONNX exporter has become the default. Learn more about the new export logic: https://docs.pytorch.org/docs/stable/onnx_export.html. For exporting control flow: https://pytorch.org/tutorials/beginner/onnx/export_control_flow_model_to_onnx_tutorial.html
  torch.onnx.export(
[F5-TTS] series=v0, checkpoint=zuna_dual_voice_final.safetensors, config=F5TTS_Base.yaml, vocab=vocab.txt


Start to Export the F5-TTS Preprocess Part.

Export Done.


Start to Export the F5-TTS Transformer Part.

Note: Exporting the Transformer as a single denoise step; the inference driver runs the NFE loop.

Export Done.


Start to Export the F5-TTS Decode Part.

Export Done.

[Metadata] Stamped 10 keys into 4 raw/source graph(s); the final Transformer preserves them.
[Rewrite] Replaced 2 Mish decomposition(s); net node reduction: 4.
[Cleanup] Removed temporary Transformer graph: /Users/umangsharma/Desktop/F5-TTS/ckpts/zuna_dual_voice_v3/onnx/fp32-nfe32/.F5_Transformer.raw.onnx

Export done!
