Run: 20260813T144641Z-pytorch-fp32-nfe32-mps
Checkpoint: /Users/umangsharma/Desktop/F5-TTS/ckpts/zuna_dual_voice_v3/zuna_dual_voice_final.safetensors
Device: mps
Loading persistent F5-TTS model...
Download Vocos from huggingface charactr/vocos-mel-24khz

vocab :  /Users/umangsharma/Desktop/F5-TTS/src/f5_tts/infer/examples/vocab.txt
token :  custom
model :  /Users/umangsharma/Desktop/F5-TTS/ckpts/zuna_dual_voice_v3/zuna_dual_voice_final.safetensors 

Model loaded in 2.322s

[female/short-4s/iteration-1] generating...
  Converting audio...
  Using custom reference text...

ref_text   Hello, and welcome to SoothingPod’s Sleep Stories. 
gen_text 0 The evening settles softly around the quiet house.


  Generating audio in 1 batches...
  3.979s audio in 5.564s (RTF 1.399)

[female/short-4s/iteration-2] generating...
  Converting audio...
  Using cached preprocessed reference audio...
  Using custom reference text...

ref_text   Hello, and welcome to SoothingPod’s Sleep Stories. 
gen_text 0 The evening settles softly around the quiet house.


  Generating audio in 1 batches...
  3.979s audio in 4.829s (RTF 1.214)

[female/medium-8s/iteration-1] generating...
  Converting audio...
  Using cached preprocessed reference audio...
  Using custom reference text...

ref_text   Hello, and welcome to SoothingPod’s Sleep Stories. 
gen_text 0 Beyond the window, gentle rain moves through the trees while the warm room becomes peaceful and still.


  Generating audio in 1 batches...
  7.979s audio in 8.204s (RTF 1.028)

[female/medium-8s/iteration-2] generating...
  Converting audio...
  Using cached preprocessed reference audio...
  Using custom reference text...

ref_text   Hello, and welcome to SoothingPod’s Sleep Stories. 
gen_text 0 Beyond the window, gentle rain moves through the trees while the warm room becomes peaceful and still.


  Generating audio in 1 batches...
  7.979s audio in 8.253s (RTF 1.034)

[female/long-12s/iteration-1] generating...
  Converting audio...
  Using cached preprocessed reference audio...
  Using custom reference text...

ref_text   Hello, and welcome to SoothingPod’s Sleep Stories. 
gen_text 0 Take a slow breath and let the noise of the day disappear. The fire glows beside you, the night is calm, and there is nowhere else you need to be.


  Generating audio in 1 batches...
  11.979s audio in 11.684s (RTF 0.975)

[female/long-12s/iteration-2] generating...
  Converting audio...
  Using cached preprocessed reference audio...
  Using custom reference text...

ref_text   Hello, and welcome to SoothingPod’s Sleep Stories. 
gen_text 0 Take a slow breath and let the noise of the day disappear. The fire glows beside you, the night is calm, and there is nowhere else you need to be.


  Generating audio in 1 batches...
  11.979s audio in 11.683s (RTF 0.975)

[male/short-4s/iteration-1] generating...
  Converting audio...
  Using custom reference text...

ref_text   Hello, my friend. Welcome to your sleep story. My name is Stephen Dalton. I'm an Irish storyteller,. 
gen_text 0 The evening settles softly around the quiet house.


  Generating audio in 1 batches...
  4.011s audio in 8.148s (RTF 2.032)

[male/short-4s/iteration-2] generating...
  Converting audio...
  Using cached preprocessed reference audio...
  Using custom reference text...

ref_text   Hello, my friend. Welcome to your sleep story. My name is Stephen Dalton. I'm an Irish storyteller,. 
gen_text 0 The evening settles softly around the quiet house.


  Generating audio in 1 batches...
  4.011s audio in 8.062s (RTF 2.010)

[male/medium-8s/iteration-1] generating...
  Converting audio...
  Using cached preprocessed reference audio...
  Using custom reference text...

ref_text   Hello, my friend. Welcome to your sleep story. My name is Stephen Dalton. I'm an Irish storyteller,. 
gen_text 0 Beyond the window, gentle rain moves through the trees while the warm room becomes peaceful and still.


  Generating audio in 1 batches...
  8.011s audio in 11.554s (RTF 1.442)

[male/medium-8s/iteration-2] generating...
  Converting audio...
  Using cached preprocessed reference audio...
  Using custom reference text...

ref_text   Hello, my friend. Welcome to your sleep story. My name is Stephen Dalton. I'm an Irish storyteller,. 
gen_text 0 Beyond the window, gentle rain moves through the trees while the warm room becomes peaceful and still.


  Generating audio in 1 batches...
  8.011s audio in 11.390s (RTF 1.422)

[male/long-12s/iteration-1] generating...
  Converting audio...
  Using cached preprocessed reference audio...
  Using custom reference text...

ref_text   Hello, my friend. Welcome to your sleep story. My name is Stephen Dalton. I'm an Irish storyteller,. 
gen_text 0 Take a slow breath and let the noise of the day disappear. The fire glows beside you, the night is calm, and there is nowhere else you need to be.


  Generating audio in 1 batches...
  12.011s audio in 15.319s (RTF 1.275)

[male/long-12s/iteration-2] generating...
  Converting audio...
  Using cached preprocessed reference audio...
  Using custom reference text...

ref_text   Hello, my friend. Welcome to your sleep story. My name is Stephen Dalton. I'm an Irish storyteller,. 
gen_text 0 Take a slow breath and let the noise of the day disappear. The fire glows beside you, the night is calm, and there is nowhere else you need to be.


  Generating audio in 1 batches...
  12.011s audio in 15.245s (RTF 1.269)

Complete: /Users/umangsharma/.ao/data/worktrees/zuna/zuna-7/optimization/f5_tts/runs/20260813T144641Z-pytorch-fp32-nfe32-mps
