Run: 20260813T150515Z-pytorch-short-prompts-nfe32-mps
Checkpoint: /Users/umangsharma/Desktop/F5-TTS/ckpts/zuna_dual_voice_v3/zuna_dual_voice_final.safetensors
Device: mps
Loading persistent F5-TTS model...
Download Vocos from huggingface charactr/vocos-mel-24khz

vocab :  /Users/umangsharma/Desktop/F5-TTS/src/f5_tts/infer/examples/vocab.txt
token :  custom
model :  /Users/umangsharma/Desktop/F5-TTS/ckpts/zuna_dual_voice_v3/zuna_dual_voice_final.safetensors 

Model loaded in 2.221s

[female/medium-8s/iteration-1] generating...
  Converting audio...
  Using custom reference text...

ref_text   You begin to pull away from Mars. 
gen_text 0 Beyond the window, gentle rain moves through the trees while the warm room becomes peaceful and still.


  Generating audio in 1 batches...
  7.989s audio in 6.546s (RTF 0.819)

[female/medium-8s/iteration-2] generating...
  Converting audio...
  Using cached preprocessed reference audio...
  Using custom reference text...

ref_text   You begin to pull away from Mars. 
gen_text 0 Beyond the window, gentle rain moves through the trees while the warm room becomes peaceful and still.


  Generating audio in 1 batches...
  7.989s audio in 6.959s (RTF 0.871)

[male/medium-8s/iteration-1] generating...
  Converting audio...
  Using custom reference text...

ref_text   the man was falling asleep. 
gen_text 0 Beyond the window, gentle rain moves through the trees while the warm room becomes peaceful and still.


  Generating audio in 1 batches...
  8.011s audio in 7.150s (RTF 0.893)

[male/medium-8s/iteration-2] generating...
  Converting audio...
  Using cached preprocessed reference audio...
  Using custom reference text...

ref_text   the man was falling asleep. 
gen_text 0 Beyond the window, gentle rain moves through the trees while the warm room becomes peaceful and still.


  Generating audio in 1 batches...
  8.011s audio in 7.046s (RTF 0.880)

Complete: /Users/umangsharma/.ao/data/worktrees/zuna/zuna-7/optimization/f5_tts/phases/02-short-prompts/runs/20260813T150515Z-pytorch-short-prompts-nfe32-mps
